dr-xr-xr-x 1 user group 0 12-31-9999 23:59 .META
-r--r--r-- 1 user group 24 12-31-9999 23:59 .META/creation date
-r--r--r-- 1 user group 5 12-31-9999 23:59 .META/encoding
-r--r--r-- 1 user group 5 12-31-9999 23:59 .META/piece length
-r--r--r-- 1 user group 163783 12-31-9999 23:59 alice.txt
