dr-xr-xr-x 1 user group 0 08-01-2013 13:27 .META
-r--r--r-- 1 user group 13 08-01-2013 13:27 .META/created by
-r--r--r-- 1 user group 24 08-01-2013 13:27 .META/creation date
-r--r--r-- 1 user group 5 08-01-2013 13:27 .META/encoding
-r--r--r-- 1 user group 5 08-01-2013 13:27 .META/piece length
-r--r--r-- 1 user group 362017 08-01-2013 13:27 Leaves of Grass by Walt Whitman.epub
