dr-xr-xr-x 1 user group 0 02-15-9999 17:44 .META
-r--r--r-- 1 user group 25 02-15-9999 17:44 .META/creation date
-r--r--r-- 1 user group 5 02-15-9999 17:44 .META/encoding
-r--r--r-- 1 user group 5 02-15-9999 17:44 .META/piece length
dr-xr-xr-x 1 user group 0 02-15-9999 17:44 numbers
-r--r--r-- 1 user group 1 02-15-9999 17:44 numbers/1.txt
-r--r--r-- 1 user group 2 02-15-9999 17:44 numbers/2.txt
-r--r--r-- 1 user group 3 02-15-9999 17:44 numbers/3.txt
