dr-xr-xr-x 1 0 0 0 05-05-2011 08:49 .META
-r--r--r-- 1 0 0 13 05-05-2011 08:49 .META/created by
-r--r--r-- 1 0 0 24 05-05-2011 08:49 .META/creation date
-r--r--r-- 1 0 0 5 05-05-2011 08:49 .META/encoding
-r--r--r-- 1 0 0 7 05-05-2011 08:49 .META/piece length
-r--r--r-- 1 0 0 9 05-05-2011 08:49 .META/publisher
-r--r--r-- 1 0 0 31 05-05-2011 08:49 .META/publisher-url
-r--r--r-- 1 0 0 5490455272 05-05-2011 08:49 Sintel.2010.4K.DMRip.x264.DD.DTS.SRT-MaLLIeHbKa.mkv
